cover [WILDCARD]/include_uri/run.ts ... 100.000% (3/3)
